[debug] [2025-07-28T16:53:02.040Z] ----------------------------------------------------------------------
[debug] [2025-07-28T16:53:02.042Z] Command:       C:\Program Files\nodejs\node.exe C:\Users\Ankur Yadav\AppData\Roaming\npm\node_modules\firebase-tools\lib\bin\firebase.js init hosting
[debug] [2025-07-28T16:53:02.043Z] CLI Version:   14.11.1
[debug] [2025-07-28T16:53:02.043Z] Platform:      win32
[debug] [2025-07-28T16:53:02.043Z] Node Version:  v22.17.1
[debug] [2025-07-28T16:53:02.043Z] Time:          Mon Jul 28 2025 22:23:02 GMT+0530 (India Standard Time)
[debug] [2025-07-28T16:53:02.044Z] ----------------------------------------------------------------------
[debug] 
[debug] [2025-07-28T16:53:02.052Z] > command requires scopes: ["email","openid","https://www.googleapis.com/auth/cloudplatformprojects.readonly","https://www.googleapis.com/auth/firebase","https://www.googleapis.com/auth/cloud-platform"]
[debug] [2025-07-28T16:53:02.052Z] > authorizing via signed-in user (mmhscholarshipform@gmail.com)
[info] 
     ######## #### ########  ######## ########     ###     ######  ########
     ##        ##  ##     ## ##       ##     ##  ##   ##  ##       ##
     ######    ##  ########  ######   ########  #########  ######  ######
     ##        ##  ##    ##  ##       ##     ## ##     ##       ## ##
     ##       #### ##     ## ######## ########  ##     ##  ######  ########

You're about to initialize a Firebase project in this directory:

  E:\Scholarship Web Portal

[info] 
=== Project Setup
[info] 
[info] First, let's associate this project directory with a Firebase project.
[info] You can create multiple project aliases by running firebase use --add, 
[info] but for now we'll just set up a default project.
[info] 
[debug] [2025-07-28T16:53:12.957Z] Checked if tokens are valid: true, expires at: 1753724104256
[debug] [2025-07-28T16:53:12.958Z] Checked if tokens are valid: true, expires at: 1753724104256
[debug] [2025-07-28T16:53:12.962Z] >>> [apiv2][query] GET https://firebase.googleapis.com/v1beta1/projects pageSize=100
[debug] [2025-07-28T16:53:13.912Z] <<< [apiv2][status] GET https://firebase.googleapis.com/v1beta1/projects 200
[debug] [2025-07-28T16:53:13.913Z] <<< [apiv2][body] GET https://firebase.googleapis.com/v1beta1/projects [omitted]
[info] i  Using project mmhscholarshipform-b6ddd (mmhscholarshipform) 
[info] 
=== Hosting Setup
[debug] [2025-07-28T16:53:17.320Z] Checked if tokens are valid: true, expires at: 1753724104256
[debug] [2025-07-28T16:53:17.321Z] Checked if tokens are valid: true, expires at: 1753724104256
[debug] [2025-07-28T16:53:17.321Z] >>> [apiv2][query] GET https://firebase.googleapis.com/v1beta1/projects/mmhscholarshipform-b6ddd [none]
[debug] [2025-07-28T16:53:18.009Z] <<< [apiv2][status] GET https://firebase.googleapis.com/v1beta1/projects/mmhscholarshipform-b6ddd 200
[debug] [2025-07-28T16:53:18.010Z] <<< [apiv2][body] GET https://firebase.googleapis.com/v1beta1/projects/mmhscholarshipform-b6ddd {"projectId":"mmhscholarshipform-b6ddd","projectNumber":"346662011576","displayName":"mmhscholarshipform","name":"projects/mmhscholarshipform-b6ddd","resources":{"hostingSite":"mmhscholarshipform-b6ddd"},"state":"ACTIVE","etag":"1_30ec30ac-86f9-4e44-bb87-f755ab3fc940"}
[info] 
[info] Your public directory is the folder (relative to your project directory) that
[info] will contain Hosting assets to be uploaded with firebase deploy. If you
[info] have a build process for your assets, use your build's output directory.
[info] 
[debug] [2025-07-28T16:53:33.455Z] >>> [apiv2][query] GET https://www.gstatic.com/firebasejs/releases.json [none]
[debug] [2025-07-28T16:53:33.593Z] <<< [apiv2][status] GET https://www.gstatic.com/firebasejs/releases.json 200
[debug] [2025-07-28T16:53:33.593Z] <<< [apiv2][body] GET https://www.gstatic.com/firebasejs/releases.json {"current":{"version":"12.0.0","browserURL":"https://www.gstatic.com/firebasejs/12.0.0/firebase.js","packageURL":"https://www.gstatic.com/firebasejs/12.0.0/firebase.tgz"},"live":{"version":"12.0","browserURL":"https://www.gstatic.com/firebasejs/live/12.0/firebase.js","packageURL":"https://www.gstatic.com/firebasejs/live/12.0/firebase.tgz"},"components":{"ai":"https://www.gstatic.com/firebasejs/12.0.0/firebase-ai.js","analytics":"https://www.gstatic.com/firebasejs/12.0.0/firebase-analytics.js","app":"https://www.gstatic.com/firebasejs/12.0.0/firebase-app.js","app-check":"https://www.gstatic.com/firebasejs/12.0.0/firebase-app-check.js","auth":"https://www.gstatic.com/firebasejs/12.0.0/firebase-auth.js","auth/cordova":"https://www.gstatic.com/firebasejs/12.0.0/firebase-auth/cordova.js","auth/web-extension":"https://www.gstatic.com/firebasejs/12.0.0/firebase-auth/web-extension.js","functions":"https://www.gstatic.com/firebasejs/12.0.0/firebase-functions.js","firestore":"https://www.gstatic.com/firebasejs/12.0.0/firebase-firestore.js","firestore/lite":"https://www.gstatic.com/firebasejs/12.0.0/firebase-firestore/lite.js","installations":"https://www.gstatic.com/firebasejs/12.0.0/firebase-installations.js","storage":"https://www.gstatic.com/firebasejs/12.0.0/firebase-storage.js","performance":"https://www.gstatic.com/firebasejs/12.0.0/firebase-performance.js","remote-config":"https://www.gstatic.com/firebasejs/12.0.0/firebase-remote-config.js","messaging":"https://www.gstatic.com/firebasejs/12.0.0/firebase-messaging.js","messaging/sw":"https://www.gstatic.com/firebasejs/12.0.0/firebase-messaging/sw.js","database":"https://www.gstatic.com/firebasejs/12.0.0/firebase-database.js","data-connect":"https://www.gstatic.com/firebasejs/12.0.0/firebase-data-connect.js","firestore.memory":"https://www.gstatic.com/firebasejs/12.0.0/firebase-firestore.memory.js"}}
[info] +  Wrote y/index.html 
[info] 
[info] i  Didn't detect a .git folder. Assuming E:\Scholarship Web Portal is the project root. 
[info] i  Authorizing with GitHub to upload your service account to a GitHub repository's secrets store. 
[info] 
[info] Visit this URL on this device to log in:
[info] https://github.com/login/oauth/authorize?client_id=89cf50f02ac6aaed3484&state=708107893&redirect_uri=http%3A%2F%2Flocalhost%3A9005&scope=read%3Auser%20repo%20public_repo
[info] 
[info] Waiting for authentication...
[debug] [2025-07-28T16:55:06.717Z] >>> [apiv2][query] POST https://github.com/login/oauth/access_token [none]
[debug] [2025-07-28T16:55:06.717Z] >>> [apiv2][body] POST https://github.com/login/oauth/access_token [stream]
[debug] [2025-07-28T16:55:07.462Z] <<< [apiv2][status] POST https://github.com/login/oauth/access_token 200
[debug] [2025-07-28T16:55:07.462Z] <<< [apiv2][body] POST https://github.com/login/oauth/access_token {"access_token":"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","token_type":"bearer","scope":"read:user,repo"}
[debug] [2025-07-28T16:55:07.475Z] >>> [apiv2][query] GET https://api.github.com/user [none]
[debug] [2025-07-28T16:55:08.287Z] <<< [apiv2][status] GET https://api.github.com/user 200
[debug] [2025-07-28T16:55:08.287Z] <<< [apiv2][body] GET https://api.github.com/user {"login":"MMHSCHOLARSHIP","id":223326027,"node_id":"U_kgDODU-vSw","avatar_url":"https://avatars.githubusercontent.com/u/223326027?v=4","gravatar_id":"","url":"https://api.github.com/users/MMHSCHOLARSHIP","html_url":"https://github.com/MMHSCHOLARSHIP","followers_url":"https://api.github.com/users/MMHSCHOLARSHIP/followers","following_url":"https://api.github.com/users/MMHSCHOLARSHIP/following{/other_user}","gists_url":"https://api.github.com/users/MMHSCHOLARSHIP/gists{/gist_id}","starred_url":"https://api.github.com/users/MMHSCHOLARSHIP/starred{/owner}{/repo}","subscriptions_url":"https://api.github.com/users/MMHSCHOLARSHIP/subscriptions","organizations_url":"https://api.github.com/users/MMHSCHOLARSHIP/orgs","repos_url":"https://api.github.com/users/MMHSCHOLARSHIP/repos","events_url":"https://api.github.com/users/MMHSCHOLARSHIP/events{/privacy}","received_events_url":"https://api.github.com/users/MMHSCHOLARSHIP/received_events","type":"User","user_view_type":"private","site_admin":false,"name":null,"company":null,"blog":"","location":null,"email":null,"hireable":null,"bio":null,"twitter_username":null,"notification_email":null,"public_repos":0,"public_gists":0,"followers":0,"following":0,"created_at":"2025-07-28T16:54:47Z","updated_at":"2025-07-28T16:54:47Z","private_gists":0,"total_private_repos":0,"owned_private_repos":0,"disk_usage":0,"collaborators":0,"two_factor_authentication":false,"plan":{"name":"free","space":976562499,"collaborators":0,"private_repos":10000}}
[info] 
[info] +  Success! Logged into GitHub as MMHSCHOLARSHIP 
[info] 
